  File "/var/www/core/venv/lib/python3.8/site-packages/asgiref/local.py", line 94, in __del__
NameError: name 'TypeError' is not defined
[Tue Jan 25 08:46:27.483942 2022] [mpm_event:notice] [pid 12519:tid 139792819608640] AH00489: Apache/2.4.41 (Ubuntu) mod_wsgi/4.6.8 Python/3.8 configured -- resuming normal operations
[Tue Jan 25 08:46:27.484022 2022] [core:notice] [pid 12519:tid 139792819608640] AH00094: Command line: '/usr/sbin/apache2'
[Tue Jan 25 08:50:18.933666 2022] [mpm_event:notice] [pid 12519:tid 139792819608640] AH00491: caught SIGTERM, shutting down
Exception ignored in: <function Local.__del__ at 0x7f23ff95b9d0>
Traceback (most recent call last):
  File "/var/www/core/venv/lib/python3.8/site-packages/asgiref/local.py", line 94, in __del__
NameError: name 'TypeError' is not defined
Exception ignored in: <function Local.__del__ at 0x7f23ff95b9d0>
Traceback (most recent call last):
  File "/var/www/core/venv/lib/python3.8/site-packages/asgiref/local.py", line 94, in __del__
NameError: name 'TypeError' is not defined
[Tue Jan 25 08:50:19.205911 2022] [mpm_event:notice] [pid 12812:tid 140589040184384] AH00489: Apache/2.4.41 (Ubuntu) mod_wsgi/4.6.8 Python/3.8 configured -- resuming normal operations
[Tue Jan 25 08:50:19.205997 2022] [core:notice] [pid 12812:tid 140589040184384] AH00094: Command line: '/usr/sbin/apache2'
[Tue Jan 25 08:50:55.486969 2022] [mpm_event:notice] [pid 12812:tid 140589040184384] AH00491: caught SIGTERM, shutting down
Exception ignored in: <function Local.__del__ at 0x7fdd660899d0>
Traceback (most recent call last):
  File "/var/www/core/venv/lib/python3.8/site-packages/asgiref/local.py", line 94, in __del__
NameError: name 'TypeError' is not defined
[Tue Jan 25 08:50:55.765084 2022] [mpm_event:notice] [pid 12919:tid 139946598677568] AH00489: Apache/2.4.41 (Ubuntu) mod_wsgi/4.6.8 Python/3.8 configured -- resuming normal operations
[Tue Jan 25 08:50:55.765162 2022] [core:notice] [pid 12919:tid 139946598677568] AH00094: Command line: '/usr/sbin/apache2'
[Tue Jan 25 14:21:43.955392 2022] [wsgi:error] [pid 12920:tid 139946452211456] [remote 103.118.76.168:52172] Unauthorized: /api/account/is-admin/
[Tue Jan 25 14:21:58.710369 2022] [wsgi:error] [pid 12920:tid 139946561316608] [remote 103.118.76.168:52173] Unauthorized: /api/account/is-admin/
[Tue Jan 25 14:22:15.526529 2022] [wsgi:error] [pid 12920:tid 139946561316608] [remote 103.118.76.168:52191] Unauthorized: /api/account/is-admin/
[Tue Jan 25 14:22:16.689467 2022] [wsgi:error] [pid 12920:tid 139946452211456] [remote 103.57.134.45:57348] Unauthorized: /api/account/is-admin/
[Tue Jan 25 14:22:32.165516 2022] [wsgi:error] [pid 12920:tid 139946561316608] [remote 103.118.76.168:52205] Unauthorized: /api/account/is-admin/
[Tue Jan 25 14:22:41.869502 2022] [wsgi:error] [pid 12920:tid 139946460604160] [remote 103.118.76.168:52204] Unauthorized: /api/account/token/
[Tue Jan 25 14:22:42.017720 2022] [wsgi:error] [pid 12920:tid 139946460604160] [remote 103.118.76.168:52204] Unauthorized: /api/account/is-admin/
[Tue Jan 25 14:22:44.721957 2022] [wsgi:error] [pid 12920:tid 139946460604160] [remote 103.57.134.45:57358] Unauthorized: /api/account/is-admin/
[Tue Jan 25 14:22:46.464861 2022] [wsgi:error] [pid 12920:tid 139946460604160] [remote 103.118.76.168:52204] Unauthorized: /api/account/is-admin/
[Tue Jan 25 14:22:50.279549 2022] [wsgi:error] [pid 12920:tid 139946460604160] [remote 103.57.134.45:57362] Unauthorized: /api/account/is-admin/
[Tue Jan 25 14:22:51.781385 2022] [wsgi:error] [pid 12920:tid 139946460604160] [remote 103.57.134.45:57362] Unauthorized: /api/account/is-admin/
[Tue Jan 25 14:22:54.898911 2022] [wsgi:error] [pid 12920:tid 139946460604160] [remote 103.57.134.45:57362] Unauthorized: /api/account/is-admin/
[Tue Jan 25 14:22:57.344598 2022] [wsgi:error] [pid 12920:tid 139946460604160] [remote 103.57.134.45:57362] Unauthorized: /api/account/is-admin/
[Tue Jan 25 14:23:00.384447 2022] [wsgi:error] [pid 12920:tid 139946460604160] [remote 103.57.134.45:57362] Unauthorized: /api/account/is-admin/
[Tue Jan 25 14:23:18.911470 2022] [wsgi:error] [pid 12920:tid 139946460604160] [remote 103.57.134.45:57364] Unauthorized: /api/account/is-admin/
[Tue Jan 25 14:23:23.785478 2022] [wsgi:error] [pid 12920:tid 139946460604160] [remote 103.57.134.45:57365] Unauthorized: /api/account/is-admin/
[Tue Jan 25 14:23:25.165191 2022] [wsgi:error] [pid 12920:tid 139946460604160] [remote 103.57.134.45:57365] Unauthorized: /api/account/is-admin/
[Tue Jan 25 14:23:28.436294 2022] [wsgi:error] [pid 12920:tid 139946460604160] [remote 103.118.76.168:52243] Unauthorized: /api/account/is-admin/
[Tue Jan 25 14:24:28.723553 2022] [wsgi:error] [pid 12920:tid 139946561316608] [remote 103.57.134.45:49380] Unauthorized: /api/account/is-admin/
[Tue Jan 25 14:24:31.439436 2022] [wsgi:error] [pid 12920:tid 139946460604160] [remote 44.200.3.207:34278] Unauthorized: /api/account/is-admin/
[Tue Jan 25 14:24:45.351733 2022] [wsgi:error] [pid 12920:tid 139946561316608] [remote 66.249.72.199:55577] Unauthorized: /api/account/is-admin/
[Tue Jan 25 14:24:45.754310 2022] [wsgi:error] [pid 12920:tid 139946561316608] [remote 103.118.76.168:52313] Unauthorized: /api/account/is-admin/
[Tue Jan 25 14:24:50.228682 2022] [wsgi:error] [pid 12920:tid 139946452211456] [remote 103.118.76.168:52314] Unauthorized: /api/account/token/
[Tue Jan 25 14:24:50.303790 2022] [wsgi:error] [pid 12920:tid 139946561316608] [remote 103.118.76.168:52314] Unauthorized: /api/account/is-admin/
[Tue Jan 25 14:24:52.635015 2022] [wsgi:error] [pid 12920:tid 139946452211456] [remote 66.249.72.195:58296] Unauthorized: /api/account/is-admin/
[Tue Jan 25 14:24:53.527231 2022] [wsgi:error] [pid 12920:tid 139946452211456] [remote 103.57.134.45:57368] Unauthorized: /api/account/is-admin/
[Tue Jan 25 14:24:54.189893 2022] [wsgi:error] [pid 12920:tid 139946452211456] [remote 103.118.76.168:52312] Unauthorized: /api/account/is-admin/
[Tue Jan 25 14:25:31.758686 2022] [wsgi:error] [pid 12920:tid 139946561316608] [remote 103.118.76.168:52341] Unauthorized: /api/account/is-admin/
[Tue Jan 25 14:25:50.952307 2022] [wsgi:error] [pid 12920:tid 139946452211456] [remote 103.57.134.45:57379] Unauthorized: /api/account/is-admin/
[Tue Jan 25 14:30:02.688183 2022] [wsgi:error] [pid 12920:tid 139946452211456] [remote 103.57.134.45:49566] Unauthorized: /api/account/is-admin/
[Tue Jan 25 14:31:14.816795 2022] [wsgi:error] [pid 12920:tid 139946452211456] [remote 103.57.134.45:50206] Unauthorized: /api/account/is-admin/
[Tue Jan 25 14:31:32.389117 2022] [wsgi:error] [pid 12920:tid 139946452211456] [remote 103.57.134.45:57390] Unauthorized: /api/account/is-admin/
[Tue Jan 25 14:31:41.655039 2022] [wsgi:error] [pid 12920:tid 139946452211456] [remote 103.57.134.45:57391] Unauthorized: /api/account/is-admin/
[Tue Jan 25 14:31:46.416174 2022] [wsgi:error] [pid 12920:tid 139946452211456] [remote 103.57.134.45:57392] Unauthorized: /api/account/is-admin/
[Tue Jan 25 14:31:49.210462 2022] [wsgi:error] [pid 12920:tid 139946452211456] [remote 103.57.134.45:57392] Unauthorized: /api/account/is-admin/
[Tue Jan 25 14:51:48.343450 2022] [wsgi:error] [pid 12920:tid 139946561316608] [remote 103.118.76.168:53970] Unauthorized: /api/account/is-admin/
[Tue Jan 25 14:58:00.277823 2022] [wsgi:error] [pid 12920:tid 139946452211456] [remote 103.118.76.168:54376] Unauthorized: /api/account/is-admin/
[Tue Jan 25 14:58:06.494709 2022] [wsgi:error] [pid 12920:tid 139946452211456] [remote 103.118.76.168:54368] Unauthorized: /api/account/is-admin/
[Tue Jan 25 14:58:11.379524 2022] [wsgi:error] [pid 12920:tid 139946561316608] [remote 103.57.134.45:57397] Unauthorized: /api/account/is-admin/
[Tue Jan 25 14:58:14.229814 2022] [wsgi:error] [pid 12920:tid 139946561316608] [remote 103.57.134.45:57397] Unauthorized: /api/account/is-admin/
[Tue Jan 25 14:58:15.403941 2022] [wsgi:error] [pid 12920:tid 139946561316608] [remote 103.57.134.45:57397] Unauthorized: /api/account/is-admin/
[Tue Jan 25 14:58:18.053090 2022] [wsgi:error] [pid 12920:tid 139946561316608] [remote 103.118.76.168:54396] Unauthorized: /api/account/is-admin/
[Tue Jan 25 14:58:18.132057 2022] [wsgi:error] [pid 12920:tid 139946561316608] [remote 103.57.134.45:57397] Unauthorized: /api/account/is-admin/
[Tue Jan 25 09:28:24.344690 2022] [mpm_event:notice] [pid 12919:tid 139946598677568] AH00491: caught SIGTERM, shutting down
Exception ignored in: <function Local.__del__ at 0x7f47d18929d0>
Traceback (most recent call last):
  File "/var/www/core/venv/lib/python3.8/site-packages/asgiref/local.py", line 94, in __del__
NameError: name 'TypeError' is not defined
Exception ignored in: <function Local.__del__ at 0x7f47d18929d0>
Traceback (most recent call last):
  File "/var/www/core/venv/lib/python3.8/site-packages/asgiref/local.py", line 94, in __del__
NameError: name 'TypeError' is not defined
[Tue Jan 25 09:28:24.631241 2022] [mpm_event:notice] [pid 13695:tid 140204015590464] AH00489: Apache/2.4.41 (Ubuntu) mod_wsgi/4.6.8 Python/3.8 configured -- resuming normal operations
[Tue Jan 25 09:28:24.631314 2022] [core:notice] [pid 13695:tid 140204015590464] AH00094: Command line: '/usr/sbin/apache2'
[Tue Jan 25 14:58:27.517599 2022] [wsgi:error] [pid 13696:tid 140203953051392] [remote 103.118.76.168:54403] Unauthorized: /api/account/is-admin/
[Tue Jan 25 14:58:34.047158 2022] [wsgi:error] [pid 13696:tid 140203978229504] [remote 103.118.76.168:54409] Unauthorized: /api/account/token/
[Tue Jan 25 14:58:34.306053 2022] [wsgi:error] [pid 13696:tid 140203986622208] [remote 103.118.76.168:54409] Unauthorized: /api/account/is-admin/
[Tue Jan 25 14:58:38.380725 2022] [wsgi:error] [pid 13696:tid 140203986622208] [remote 103.118.76.168:54409] Unauthorized: /api/account/is-admin/
[Tue Jan 25 14:58:43.074192 2022] [wsgi:error] [pid 13696:tid 140203978229504] [remote 103.118.76.168:54414] Unauthorized: /api/account/is-admin/
[Tue Jan 25 14:59:34.850611 2022] [wsgi:error] [pid 13696:tid 140203986622208] [remote 103.118.76.168:54463] Unauthorized: /api/account/is-admin/
[Tue Jan 25 14:59:39.221792 2022] [wsgi:error] [pid 13696:tid 140203986622208] [remote 103.118.76.168:54463] Unauthorized: /api/account/is-admin/
[Tue Jan 25 14:59:43.948118 2022] [wsgi:error] [pid 13696:tid 140203978229504] [remote 103.118.76.168:54461] Unauthorized: /api/account/is-admin/
Exception ignored in: <function Local.__del__ at 0x7f83c0c789d0>
Traceback (most recent call last):
  File "/var/www/core/venv/lib/python3.8/site-packages/asgiref/local.py", line 94, in __del__
NameError: name 'TypeError' is not defined
[Tue Jan 25 09:31:07.493239 2022] [mpm_event:notice] [pid 13695:tid 140204015590464] AH00491: caught SIGTERM, shutting down
[Tue Jan 25 09:31:07.634612 2022] [mpm_event:notice] [pid 14009:tid 139689437183040] AH00489: Apache/2.4.41 (Ubuntu) mod_wsgi/4.6.8 Python/3.8 configured -- resuming normal operations
[Tue Jan 25 09:31:07.635282 2022] [core:notice] [pid 14009:tid 139689437183040] AH00094: Command line: '/usr/sbin/apache2'
[Tue Jan 25 15:01:14.660187 2022] [wsgi:error] [pid 14010:tid 139689290716928] [remote 103.118.76.168:54526] Unauthorized: /api/account/is-admin/
[Tue Jan 25 15:01:19.632194 2022] [wsgi:error] [pid 14010:tid 139689408214784] [remote 103.118.76.168:54526] Unauthorized: /api/account/is-admin/
[Tue Jan 25 15:01:45.443633 2022] [wsgi:error] [pid 14010:tid 139689299109632] [remote 103.118.76.168:54556] Unauthorized: /api/account/is-admin/
[Tue Jan 25 15:01:51.057885 2022] [wsgi:error] [pid 14010:tid 139689299109632] [remote 103.118.76.168:54561] Unauthorized: /api/account/is-admin/
[Tue Jan 25 15:01:52.176244 2022] [wsgi:error] [pid 14010:tid 139689299109632] [remote 103.118.76.168:54562] Bad Request: /api/account/token/
[Tue Jan 25 15:01:52.252802 2022] [wsgi:error] [pid 14010:tid 139689408214784] [remote 103.118.76.168:54561] Unauthorized: /api/account/is-admin/
[Tue Jan 25 15:01:59.024566 2022] [wsgi:error] [pid 14010:tid 139689408214784] [remote 103.118.76.168:54556] Unauthorized: /api/account/is-admin/
[Tue Jan 25 15:02:02.275463 2022] [wsgi:error] [pid 14010:tid 139689299109632] [remote 103.118.76.168:54556] Unauthorized: /api/account/is-admin/
[Tue Jan 25 15:02:27.740764 2022] [wsgi:error] [pid 14010:tid 139689408214784] [remote 103.118.76.168:54580] Unauthorized: /api/account/is-admin/
[Tue Jan 25 09:34:21.995437 2022] [mpm_event:notice] [pid 14009:tid 139689437183040] AH00491: caught SIGTERM, shutting down
Exception ignored in: <function Local.__del__ at 0x7f0bf18429d0>
Traceback (most recent call last):
  File "/var/www/core/venv/lib/python3.8/site-packages/asgiref/local.py", line 94, in __del__
NameError: name 'TypeError' is not defined
[Tue Jan 25 09:34:22.167761 2022] [mpm_event:notice] [pid 14311:tid 140388326018112] AH00489: Apache/2.4.41 (Ubuntu) mod_wsgi/4.6.8 Python/3.8 configured -- resuming normal operations
[Tue Jan 25 09:34:22.167838 2022] [core:notice] [pid 14311:tid 140388326018112] AH00094: Command line: '/usr/sbin/apache2'
[Tue Jan 25 15:04:30.046788 2022] [wsgi:error] [pid 14312:tid 140388297049856] [remote 103.118.76.168:54675] j@j.com
[Tue Jan 25 15:04:39.001348 2022] [wsgi:error] [pid 14312:tid 140388288657152] [remote 103.118.76.168:54672] j@j.com
[Tue Jan 25 15:04:43.196487 2022] [wsgi:error] [pid 14312:tid 140388297049856] [remote 103.118.76.168:54672] Not Found: /media/hospital/IMG_7693_dPP4Ay8.JPG
[Tue Jan 25 15:04:55.039482 2022] [wsgi:error] [pid 14312:tid 140388297049856] [remote 103.118.76.168:54685] Unauthorized: /api/account/token/
[Tue Jan 25 15:04:55.113240 2022] [wsgi:error] [pid 14312:tid 140388288657152] [remote 103.118.76.168:54685] Unauthorized: /api/account/is-admin/
[Tue Jan 25 15:04:58.446764 2022] [wsgi:error] [pid 14312:tid 140388297049856] [remote 103.118.76.168:54685] Unauthorized: /api/account/token/
[Tue Jan 25 15:04:58.516755 2022] [wsgi:error] [pid 14312:tid 140388288657152] [remote 103.118.76.168:54685] Unauthorized: /api/account/is-admin/
[Tue Jan 25 15:05:01.262168 2022] [wsgi:error] [pid 14312:tid 140388297049856] [remote 103.118.76.168:54685] Unauthorized: /api/account/token/
[Tue Jan 25 15:05:01.336992 2022] [wsgi:error] [pid 14312:tid 140388288657152] [remote 103.118.76.168:54685] Unauthorized: /api/account/is-admin/
[Tue Jan 25 15:05:07.236335 2022] [wsgi:error] [pid 14312:tid 140388297049856] [remote 103.118.76.168:54702] j@j.com
[Tue Jan 25 15:05:07.407042 2022] [wsgi:error] [pid 14312:tid 140388297049856] [remote 103.118.76.168:54703] Not Found: /media/hospital/IMG_7693_dPP4Ay8.JPG
[Tue Jan 25 15:05:36.438563 2022] [wsgi:error] [pid 14312:tid 140388297049856] [remote 103.118.76.168:54718] 1
[Tue Jan 25 15:05:36.439641 2022] [wsgi:error] [pid 14312:tid 140388297049856] [remote 103.118.76.168:54718] Bad Request: /api/hospitals/
[Tue Jan 25 15:05:51.688683 2022] [wsgi:error] [pid 14312:tid 140388288657152] [remote 103.118.76.168:54725] 1
[Tue Jan 25 15:05:51.696336 2022] [wsgi:error] [pid 14312:tid 140388288657152] [remote 103.118.76.168:54725] 1
[Tue Jan 25 15:05:52.006336 2022] [wsgi:error] [pid 14312:tid 140388288657152] [remote 103.118.76.168:54725] Not Found: /media/hospital/IMG_7693_dPP4Ay8.JPG
[Tue Jan 25 15:06:00.817790 2022] [wsgi:error] [pid 14312:tid 140388288657152] [remote 103.118.76.168:54725] jim1@gmail.com
[Tue Jan 25 15:06:05.965427 2022] [wsgi:error] [pid 14312:tid 140388288657152] [remote 103.118.76.168:54737] Unauthorized: /api/get_notifications/
[Tue Jan 25 15:06:08.685841 2022] [wsgi:error] [pid 14312:tid 140388297049856] [remote 103.118.76.168:54737] j@j.com
[Tue Jan 25 15:06:08.851680 2022] [wsgi:error] [pid 14312:tid 140388297049856] [remote 103.118.76.168:54742] Not Found: /media/hospital/IMG_7693_dPP4Ay8.JPG
[Tue Jan 25 15:06:16.566840 2022] [wsgi:error] [pid 14312:tid 140388288657152] [remote 103.118.76.168:54747] jim1@gmail.com
[Tue Jan 25 15:06:18.859773 2022] [wsgi:error] [pid 14312:tid 140388297049856] [remote 103.118.76.168:54748] jim1@gmail.com
[Tue Jan 25 15:06:18.861436 2022] [wsgi:error] [pid 14312:tid 140388297049856] [remote 103.118.76.168:54748] <QuerySet []> is hospital
[Tue Jan 25 15:06:37.864511 2022] [wsgi:error] [pid 14312:tid 140388297049856] [remote 103.118.76.168:54764] j@j.com
[Tue Jan 25 15:06:38.618759 2022] [wsgi:error] [pid 14312:tid 140388288657152] [remote 103.118.76.168:54764] Forbidden: /api/get_notifications/
[Tue Jan 25 15:06:38.901116 2022] [wsgi:error] [pid 14312:tid 140388297049856] [remote 103.118.76.168:54764] j@j.com
[Tue Jan 25 15:07:01.331569 2022] [wsgi:error] [pid 14312:tid 140388297049856] [remote 103.57.134.45:50254] Unauthorized: /api/account/is-admin/
[Tue Jan 25 15:07:11.784615 2022] [wsgi:error] [pid 14312:tid 140388288657152] [remote 103.57.134.45:50259] Unauthorized: /api/account/is-admin/
[Tue Jan 25 15:07:16.996820 2022] [wsgi:error] [pid 14312:tid 140388255086336] [remote 103.57.134.45:50261] Unauthorized: /api/account/is-admin/
[Tue Jan 25 15:07:18.196367 2022] [wsgi:error] [pid 14312:tid 140388255086336] [remote 103.57.134.45:50261] Unauthorized: /api/account/is-admin/
[Tue Jan 25 15:07:18.804582 2022] [wsgi:error] [pid 14312:tid 140388297049856] [remote 103.118.76.168:54785] j@j.com
[Tue Jan 25 15:07:21.039013 2022] [wsgi:error] [pid 14312:tid 140388255086336] [remote 103.57.134.45:50261] Unauthorized: /api/account/is-admin/
[Tue Jan 25 15:07:22.497071 2022] [wsgi:error] [pid 14312:tid 140388255086336] [remote 103.57.134.45:50261] Unauthorized: /api/account/is-admin/
[Tue Jan 25 15:07:28.362534 2022] [wsgi:error] [pid 14312:tid 140388297049856] [remote 103.118.76.168:54793] jim1@gmail.com
[Tue Jan 25 15:07:29.953386 2022] [wsgi:error] [pid 14312:tid 140388297049856] [remote 103.118.76.168:54785] jim1@gmail.com
[Tue Jan 25 15:07:29.954860 2022] [wsgi:error] [pid 14312:tid 140388297049856] [remote 103.118.76.168:54785] <QuerySet [<Doctor: jimam tamimi>]> is hospital
[Tue Jan 25 15:07:37.894229 2022] [wsgi:error] [pid 14312:tid 140388288657152] [remote 103.118.76.168:54785] jim1@gmail.com
[Tue Jan 25 15:07:37.895329 2022] [wsgi:error] [pid 14312:tid 140388288657152] [remote 103.118.76.168:54785] <QuerySet [<Doctor: jimam tamimi>]> is hospital
[Tue Jan 25 15:07:43.269041 2022] [wsgi:error] [pid 14312:tid 140388288657152] [remote 103.57.134.45:50262] Unauthorized: /api/account/is-admin/
[Tue Jan 25 15:07:43.452806 2022] [wsgi:error] [pid 14312:tid 140388297049856] [remote 103.118.76.168:54805] Unauthorized: /api/account/is-admin/
[Tue Jan 25 15:07:45.760783 2022] [wsgi:error] [pid 14312:tid 140388297049856] [remote 103.118.76.168:54807] 1
[Tue Jan 25 15:07:45.760859 2022] [wsgi:error] [pid 14312:tid 140388297049856] [remote 103.118.76.168:54807] could not convert string to float: 'undefined'
[Tue Jan 25 15:07:45.762868 2022] [wsgi:error] [pid 14312:tid 140388288657152] [remote 103.118.76.168:54808] 1
[Tue Jan 25 15:07:47.196110 2022] [wsgi:error] [pid 14312:tid 140388288657152] [remote 103.57.134.45:50262] Unauthorized: /api/account/is-admin/
[Tue Jan 25 15:08:03.491176 2022] [wsgi:error] [pid 14312:tid 140388280264448] [remote 103.118.76.168:54820] {'email': 'a@a.com', 'password': '1234', 'cpassword': '1234', 'name': 'f name l name', 'number': '54664645'}
[Tue Jan 25 15:08:03.624550 2022] [wsgi:error] [pid 14312:tid 140388280264448] [remote 103.118.76.168:54820] {'id': 7, 'email': 'a@a.com', 'name': 'f name l name', 'number': '54664645'}
[Tue Jan 25 15:08:03.792213 2022] [wsgi:error] [pid 14312:tid 140388280264448] [remote 103.118.76.168:54821] Unauthorized: /api/schedule-doctor/1/
[Tue Jan 25 15:08:05.665293 2022] [wsgi:error] [pid 14312:tid 140387784062720] Exception in thread Thread-4:
[Tue Jan 25 15:08:05.665345 2022] [wsgi:error] [pid 14312:tid 140387784062720] Traceback (most recent call last):
[Tue Jan 25 15:08:05.665359 2022] [wsgi:error] [pid 14312:tid 140387784062720]   File "/usr/lib/python3.8/threading.py", line 932, in _bootstrap_inner
[Tue Jan 25 15:08:05.666116 2022] [wsgi:error] [pid 14312:tid 140387784062720]     self.run()
[Tue Jan 25 15:08:05.666130 2022] [wsgi:error] [pid 14312:tid 140387784062720]   File "/var/www/core/account/threads.py", line 15, in run
[Tue Jan 25 15:08:05.666332 2022] [wsgi:error] [pid 14312:tid 140387784062720]     send_mail(self.subject, self.message, self.email_from, self.email_list)
[Tue Jan 25 15:08:05.666345 2022] [wsgi:error] [pid 14312:tid 140387784062720]   File "/var/www/core/venv/lib/python3.8/site-packages/django/core/mail/__init__.py", line 61, in send_mail
[Tue Jan 25 15:08:05.666416 2022] [wsgi:error] [pid 14312:tid 140387784062720]     return mail.send()
[Tue Jan 25 15:08:05.666426 2022] [wsgi:error] [pid 14312:tid 140387784062720]   File "/var/www/core/venv/lib/python3.8/site-packages/django/core/mail/message.py", line 284, in send
[Tue Jan 25 15:08:05.666527 2022] [wsgi:error] [pid 14312:tid 140387784062720]     return self.get_connection(fail_silently).send_messages([self])
[Tue Jan 25 15:08:05.666536 2022] [wsgi:error] [pid 14312:tid 140387784062720]   File "/var/www/core/venv/lib/python3.8/site-packages/django/core/mail/backends/smtp.py", line 102, in send_messages
[Tue Jan 25 15:08:05.666602 2022] [wsgi:error] [pid 14312:tid 140387784062720]     new_conn_created = self.open()
[Tue Jan 25 15:08:05.666611 2022] [wsgi:error] [pid 14312:tid 140387784062720]   File "/var/www/core/venv/lib/python3.8/site-packages/django/core/mail/backends/smtp.py", line 69, in open
[Tue Jan 25 15:08:05.666664 2022] [wsgi:error] [pid 14312:tid 140387784062720]     self.connection.login(self.username, self.password)
[Tue Jan 25 15:08:05.666673 2022] [wsgi:error] [pid 14312:tid 140387784062720]   File "/usr/lib/python3.8/smtplib.py", line 743, in login
[Tue Jan 25 15:08:05.667195 2022] [wsgi:error] [pid 14312:tid 140387784062720]     raise last_exception
[Tue Jan 25 15:08:05.667208 2022] [wsgi:error] [pid 14312:tid 140387784062720]   File "/usr/lib/python3.8/smtplib.py", line 732, in login
[Tue Jan 25 15:08:05.667403 2022] [wsgi:error] [pid 14312:tid 140387784062720]     (code, resp) = self.auth(
[Tue Jan 25 15:08:05.667412 2022] [wsgi:error] [pid 14312:tid 140387784062720]   File "/usr/lib/python3.8/smtplib.py", line 655, in auth
[Tue Jan 25 15:08:05.667577 2022] [wsgi:error] [pid 14312:tid 140387784062720]     raise SMTPAuthenticationError(code, resp)
[Tue Jan 25 15:08:05.667615 2022] [wsgi:error] [pid 14312:tid 140387784062720] smtplib.SMTPAuthenticationError: (534, b'5.7.14 <https://accounts.google.com/signin/continue?sarp=1&scc=1&plt=AKgnsbt\\n5.7.14 x74A5_ESmRi_Ys2_kDHFYR1WWeNzOQxsrmMOPw48GJBfRy4rva2ECpruP9xkG4vfI0_PO\\n5.7.14 oPBwBSKEMNrKpVL7ZdImPF1CmnGu2HKryOjWubywvmcQFngRpwIO87TRObPtgkkZ>\\n5.7.14 Please log in via your web browser and then try again.\\n5.7.14  Learn more at\\n5.7.14  https://support.google.com/mail/answer/78754 k17sm19624602pff.25 - gsmtp')
[Tue Jan 25 15:08:07.340103 2022] [wsgi:error] [pid 14312:tid 140388288657152] [remote 103.118.76.168:54822] [OrderedDict([('id', 1), ('date', '2022-01-26'), ('time', "['07:20 AM', '07:50 AM', '07:40 AM', '08:20 AM']")])]
[Tue Jan 25 15:08:22.702635 2022] [wsgi:error] [pid 14312:tid 140388288657152] [remote 103.57.134.45:50263] Unauthorized: /api/account/is-admin/
[Tue Jan 25 15:08:29.307714 2022] [wsgi:error] [pid 14312:tid 140388288657152] [remote 103.57.134.45:50264] Unauthorized: /api/account/is-admin/
[Tue Jan 25 15:08:34.654670 2022] [wsgi:error] [pid 14312:tid 140388288657152] [remote 103.57.134.45:50269] Unauthorized: /api/account/is-admin/
[Tue Jan 25 15:08:57.406759 2022] [wsgi:error] [pid 14312:tid 140388288657152] [remote 103.118.76.168:54903] payment successful
[Tue Jan 25 15:08:59.375751 2022] [wsgi:error] [pid 14312:tid 140388288657152] [remote 103.118.76.168:54903] (534, b'5.7.14 <https://accounts.google.com/signin/continue?sarp=1&scc=1&plt=AKgnsbt\\n5.7.14 bxo-LyvmXzuSy3OA7tknpPGvqwUhtoHmIMY-ZbQmF5W2ig6FZT_nf2cHunTrlQ1nmP37F\\n5.7.14 QOjZzQgV16ilX2ikGTqQg1myIWYVdDjU9qLVkzU5AgmAjXhMAKfpCjescsubS2gl>\\n5.7.14 Please log in via your web browser and then try again.\\n5.7.14  Learn more at\\n5.7.14  https://support.google.com/mail/answer/78754 h6sm8042163pfc.35 - gsmtp')
[Tue Jan 25 15:08:59.554682 2022] [wsgi:error] [pid 14312:tid 140388288657152] [remote 103.118.76.168:54903] <QuerySet [<Appointment: f name l name>]>
[Tue Jan 25 15:08:59.555759 2022] [wsgi:error] [pid 14312:tid 140388288657152] [remote 103.118.76.168:54903] <QuerySet [<Appointment: f name l name>]> is user
[Tue Jan 25 15:09:01.056185 2022] [wsgi:error] [pid 14312:tid 140388280264448] [remote 103.118.76.168:54903] <QuerySet [<Appointment: f name l name>]>
[Tue Jan 25 15:09:01.059909 2022] [wsgi:error] [pid 14312:tid 140388280264448] [remote 103.118.76.168:54903] <QuerySet [<Appointment: f name l name>]> is user
[Tue Jan 25 15:09:19.042135 2022] [wsgi:error] [pid 14312:tid 140388280264448] [remote 103.57.134.45:50271] Unauthorized: /api/account/is-admin/
[Tue Jan 25 15:09:29.594282 2022] [wsgi:error] [pid 14312:tid 140388280264448] [remote 103.57.134.45:50272] Unauthorized: /api/account/is-admin/
[Tue Jan 25 15:09:39.595172 2022] [wsgi:error] [pid 14312:tid 140388297049856] [remote 103.118.76.168:54933] Forbidden: /api/account/is-admin/
[Tue Jan 25 15:09:45.846335 2022] [wsgi:error] [pid 14312:tid 140388288657152] [remote 103.118.76.168:54940] j@j.com
[Tue Jan 25 15:09:47.135262 2022] [wsgi:error] [pid 14312:tid 140388297049856] [remote 103.57.134.45:57425] Unauthorized: /api/account/is-admin/
[Tue Jan 25 15:09:50.587384 2022] [wsgi:error] [pid 14312:tid 140388297049856] [remote 103.57.134.45:57425] Unauthorized: /api/account/is-admin/
[Tue Jan 25 15:09:52.765274 2022] [wsgi:error] [pid 14312:tid 140388297049856] [remote 103.57.134.45:57425] Unauthorized: /api/account/is-admin/
[Tue Jan 25 15:10:05.710388 2022] [wsgi:error] [pid 14312:tid 140388297049856] [remote 103.57.134.45:57427] Unauthorized: /api/account/is-admin/
[Tue Jan 25 15:10:30.093562 2022] [wsgi:error] [pid 14312:tid 140388297049856] [remote 103.57.134.45:57428] Unauthorized: /api/account/is-admin/
[Tue Jan 25 15:10:30.880403 2022] [wsgi:error] [pid 14312:tid 140388297049856] [remote 103.57.134.45:57428] Unauthorized: /api/account/is-admin/
[Tue Jan 25 15:10:33.452867 2022] [wsgi:error] [pid 14312:tid 140388297049856] [remote 103.57.134.45:57428] Unauthorized: /api/account/is-admin/
[Tue Jan 25 15:10:36.260958 2022] [wsgi:error] [pid 14312:tid 140388297049856] [remote 103.57.134.45:57428] Unauthorized: /api/account/is-admin/
[Tue Jan 25 15:11:12.405484 2022] [wsgi:error] [pid 14312:tid 140388297049856] [remote 103.57.134.45:57429] Unauthorized: /api/account/is-admin/
[Tue Jan 25 15:17:22.959784 2022] [wsgi:error] [pid 14312:tid 140388297049856] [remote 103.57.134.45:57436] Unauthorized: /api/account/is-admin/
[Tue Jan 25 15:17:26.609025 2022] [wsgi:error] [pid 14312:tid 140388297049856] [remote 103.57.134.45:57436] Unauthorized: /api/account/is-admin/
[Tue Jan 25 15:17:28.602546 2022] [wsgi:error] [pid 14312:tid 140388297049856] [remote 103.57.134.45:57436] Unauthorized: /api/account/is-admin/
[Tue Jan 25 15:18:31.173724 2022] [wsgi:error] [pid 14312:tid 140388288657152] [remote 103.118.76.168:55204] Unauthorized: /api/account/is-admin/
[Tue Jan 25 15:18:33.957382 2022] [wsgi:error] [pid 14312:tid 140388288657152] [remote 103.118.76.168:55204] j@j.com
[Tue Jan 25 15:19:35.405401 2022] [wsgi:error] [pid 14312:tid 140388280264448] [remote 103.118.76.168:55268] j@j.com
[Tue Jan 25 15:19:40.937024 2022] [wsgi:error] [pid 14312:tid 140388297049856] [remote 103.118.76.168:55275] j@j.com
[Tue Jan 25 15:20:27.176132 2022] [wsgi:error] [pid 14312:tid 140388297049856] [remote 103.57.134.45:57465] Unauthorized: /api/account/is-admin/
[Tue Jan 25 15:21:15.246871 2022] [wsgi:error] [pid 14312:tid 140388297049856] [remote 103.57.134.45:57467] Unauthorized: /api/account/is-admin/
[Tue Jan 25 15:21:15.472377 2022] [wsgi:error] [pid 14312:tid 140388297049856] [remote 103.57.134.45:57467] Unauthorized: /api/account/is-admin/
[Tue Jan 25 15:21:22.764989 2022] [wsgi:error] [pid 14312:tid 140388297049856] [remote 103.57.134.45:57468] Unauthorized: /api/account/is-admin/
[Tue Jan 25 15:21:23.908650 2022] [wsgi:error] [pid 14312:tid 140388297049856] [remote 103.57.134.45:57468] Unauthorized: /api/account/is-admin/
[Tue Jan 25 15:21:24.215176 2022] [wsgi:error] [pid 14312:tid 140388297049856] [remote 103.57.134.45:57468] Unauthorized: /api/account/is-admin/
[Tue Jan 25 15:21:24.549996 2022] [wsgi:error] [pid 14312:tid 140388297049856] [remote 103.57.134.45:57468] Unauthorized: /api/account/is-admin/
[Tue Jan 25 15:21:36.221767 2022] [wsgi:error] [pid 14312:tid 140388280264448] [remote 103.57.134.45:57472] Unauthorized: /api/account/is-admin/
[Tue Jan 25 15:21:41.016026 2022] [wsgi:error] [pid 14312:tid 140388280264448] [remote 103.57.134.45:57474] Unauthorized: /api/account/is-admin/
[Tue Jan 25 15:21:43.190732 2022] [wsgi:error] [pid 14312:tid 140388280264448] [remote 103.57.134.45:57474] Unauthorized: /api/account/is-admin/
[Tue Jan 25 15:21:43.493181 2022] [wsgi:error] [pid 14312:tid 140388280264448] [remote 103.57.134.45:57474] Unauthorized: /api/account/is-admin/
[Tue Jan 25 15:21:51.395377 2022] [wsgi:error] [pid 14312:tid 140388280264448] [remote 103.57.134.45:57476] Unauthorized: /api/account/is-admin/
[Tue Jan 25 15:21:52.265687 2022] [wsgi:error] [pid 14312:tid 140388280264448] [remote 103.57.134.45:57476] Unauthorized: /api/account/is-admin/
[Tue Jan 25 15:21:52.901358 2022] [wsgi:error] [pid 14312:tid 140388280264448] [remote 103.57.134.45:57476] Unauthorized: /api/account/is-admin/
[Tue Jan 25 15:22:03.562124 2022] [wsgi:error] [pid 14312:tid 140388280264448] [remote 103.57.134.45:57477] Unauthorized: /api/account/is-admin/
[Tue Jan 25 15:22:11.034440 2022] [wsgi:error] [pid 14312:tid 140388297049856] [remote 103.57.134.45:57485] Unauthorized: /api/account/is-admin/
[Tue Jan 25 15:22:20.397348 2022] [wsgi:error] [pid 14312:tid 140388280264448] [remote 103.57.134.45:57486] j@j.com
[Tue Jan 25 15:22:25.736201 2022] [wsgi:error] [pid 14312:tid 140388280264448] [remote 103.57.134.45:57489] Not Found: /media/hospital/IMG_7693_dPP4Ay8.JPG
[Tue Jan 25 15:22:34.455938 2022] [wsgi:error] [pid 14312:tid 140388297049856] [remote 103.57.134.45:57488] mod_wsgi (pid=14312): Exception occurred processing WSGI script '/var/www/core/core/wsgi.py'.
[Tue Jan 25 15:22:34.456122 2022] [wsgi:error] [pid 14312:tid 140388297049856] [remote 103.57.134.45:57488] OSError: Apache/mod_wsgi failed to write response data: Broken pipe.
[Tue Jan 25 15:22:34.482013 2022] [wsgi:error] [pid 14312:tid 140388280264448] [remote 103.57.134.45:57491] Unauthorized: /api/account/is-admin/
[Tue Jan 25 15:22:37.497251 2022] [wsgi:error] [pid 14312:tid 140388280264448] [remote 103.57.134.45:57492] Unauthorized: /api/account/is-admin/
[Tue Jan 25 15:22:39.267136 2022] [wsgi:error] [pid 14312:tid 140388280264448] [remote 103.57.134.45:57492] Unauthorized: /api/account/is-admin/
[Tue Jan 25 15:22:47.701479 2022] [wsgi:error] [pid 14312:tid 140388280264448] [remote 103.57.134.45:57493] Unauthorized: /api/account/is-admin/
[Tue Jan 25 15:22:55.122312 2022] [wsgi:error] [pid 14312:tid 140388297049856] [remote 103.57.134.45:57494] j@j.com
[Tue Jan 25 15:23:01.802282 2022] [wsgi:error] [pid 14312:tid 140388280264448] [remote 103.118.76.168:55385] j@j.com
[Tue Jan 25 15:23:19.905328 2022] [wsgi:error] [pid 14312:tid 140388297049856] [remote 103.57.134.45:57496] Unauthorized: /api/account/is-admin/
[Tue Jan 25 15:23:24.416162 2022] [wsgi:error] [pid 14312:tid 140388280264448] [remote 103.57.134.45:57497] Bad Request: /api/account/token/
[Tue Jan 25 15:23:24.511912 2022] [wsgi:error] [pid 14312:tid 140388297049856] [remote 103.57.134.45:57498] Unauthorized: /api/account/is-admin/
[Tue Jan 25 15:23:50.027621 2022] [wsgi:error] [pid 14312:tid 140388297049856] [remote 103.57.134.45:50330] Unauthorized: /api/account/is-admin/
[Tue Jan 25 15:24:17.208099 2022] [wsgi:error] [pid 14312:tid 140388280264448] [remote 103.118.76.168:55423] Bad Request: /api/account/token/
[Tue Jan 25 15:24:17.357914 2022] [wsgi:error] [pid 14312:tid 140388297049856] [remote 103.118.76.168:55424] Unauthorized: /api/account/is-admin/
[Tue Jan 25 15:24:29.697278 2022] [wsgi:error] [pid 14312:tid 140388297049856] [remote 103.57.134.45:50436] Unauthorized: /api/account/is-admin/
[Tue Jan 25 15:24:31.214557 2022] [wsgi:error] [pid 14312:tid 140388297049856] [remote 103.57.134.45:50436] Unauthorized: /api/account/is-admin/
[Tue Jan 25 15:25:52.033452 2022] [wsgi:error] [pid 14312:tid 140388297049856] [remote 107.189.29.181:44162] Forbidden (CSRF cookie not set.): /HNAP1/
[Tue Jan 25 15:26:08.165269 2022] [wsgi:error] [pid 14312:tid 140388297049856] [remote 103.57.134.45:50837] Unauthorized: /api/account/is-admin/
[Tue Jan 25 15:26:15.315466 2022] [wsgi:error] [pid 14312:tid 140388280264448] [remote 103.57.134.45:50839] Unauthorized: /api/account/is-admin/
[Tue Jan 25 15:26:21.766726 2022] [wsgi:error] [pid 14312:tid 140388280264448] [remote 103.57.134.45:50868] j@j.com
[Tue Jan 25 15:26:32.683754 2022] [wsgi:error] [pid 14312:tid 140388280264448] [remote 103.57.134.45:50939] Unauthorized: /api/account/is-admin/
[Tue Jan 25 15:26:39.495495 2022] [wsgi:error] [pid 14312:tid 140388297049856] [remote 103.57.134.45:50968] j@j.com
[Tue Jan 25 15:26:45.411426 2022] [wsgi:error] [pid 14312:tid 140388297049856] [remote 103.57.134.45:50995] Not Found: /media/hospital/IMG_7693_dPP4Ay8.JPG
[Tue Jan 25 15:27:10.928480 2022] [wsgi:error] [pid 14312:tid 140388288657152] [remote 103.118.76.168:55565] Unauthorized: /api/account/is-admin/
[Tue Jan 25 15:27:24.086184 2022] [wsgi:error] [pid 14312:tid 140388280264448] [remote 103.118.76.168:55579] Unauthorized: /api/account/is-admin/
[Tue Jan 25 15:27:34.097243 2022] [wsgi:error] [pid 14312:tid 140388280264448] [remote 103.57.134.45:51189] 123
[Tue Jan 25 15:27:34.101080 2022] [wsgi:error] [pid 14312:tid 140388280264448] [remote 103.57.134.45:51189] 123
[Tue Jan 25 15:27:34.298516 2022] [wsgi:error] [pid 14312:tid 140388280264448] [remote 103.57.134.45:51189] Not Found: /media/hospital/IMG_7693_dPP4Ay8.JPG
[Tue Jan 25 15:27:35.247683 2022] [wsgi:error] [pid 14312:tid 140388280264448] [remote 103.118.76.168:55603] j@j.com
[Tue Jan 25 15:27:37.633613 2022] [wsgi:error] [pid 14312:tid 140388280264448] [remote 103.57.134.45:51190] j@j.com
[Tue Jan 25 15:27:39.515534 2022] [wsgi:error] [pid 14312:tid 140388288657152] [remote 103.118.76.168:55608] Not Found: /media/hospital/IMG_7693_dPP4Ay8.JPG
[Tue Jan 25 15:28:00.974393 2022] [wsgi:error] [pid 14312:tid 140388297049856] [remote 103.57.134.45:51299] j@j.com
[Tue Jan 25 15:28:11.348802 2022] [wsgi:error] [pid 14312:tid 140388271871744] [remote 103.57.134.45:51320] 0
[Tue Jan 25 15:28:11.352148 2022] [wsgi:error] [pid 14312:tid 140388271871744] [remote 103.57.134.45:51320] 1
[Tue Jan 25 15:28:11.350865 2022] [wsgi:error] [pid 14312:tid 140388297049856] [remote 103.57.134.45:51299] 0
[Tue Jan 25 15:28:11.352771 2022] [wsgi:error] [pid 14312:tid 140388297049856] [remote 103.57.134.45:51299] could not convert string to float: 'undefined'
[Tue Jan 25 15:28:11.354183 2022] [wsgi:error] [pid 14312:tid 140388297049856] [remote 103.57.134.45:51299] 1
[Tue Jan 25 15:28:11.354205 2022] [wsgi:error] [pid 14312:tid 140388297049856] [remote 103.57.134.45:51299] could not convert string to float: 'undefined'
[Tue Jan 25 15:28:18.031354 2022] [wsgi:error] [pid 14312:tid 140388255086336] [remote 103.57.134.45:51370] Unauthorized: /api/schedule-doctor/1/
[Tue Jan 25 15:28:45.946052 2022] [wsgi:error] [pid 14312:tid 140388297049856] [remote 103.57.134.45:51486] {'email': 'help.musictheory@gmail.com', 'password': '123', 'cpassword': '123', 'name': 'help', 'number': '326326'}
[Tue Jan 25 15:28:45.946670 2022] [wsgi:error] [pid 14312:tid 140388297049856] [remote 103.57.134.45:51486] Bad Request: /api/account/users/
[Tue Jan 25 15:29:03.626605 2022] [wsgi:error] [pid 14312:tid 140388271871744] [remote 103.57.134.45:51552] {'email': 'help.musictheory@gmail.com', 'password': '1234', 'cpassword': '1234', 'name': 'help', 'number': '326326'}
[Tue Jan 25 15:29:03.758763 2022] [wsgi:error] [pid 14312:tid 140388271871744] [remote 103.57.134.45:51552] {'id': 9, 'email': 'help.musictheory@gmail.com', 'name': 'help', 'number': '326326'}
[Tue Jan 25 15:29:03.849787 2022] [wsgi:error] [pid 14312:tid 140388271871744] [remote 103.57.134.45:51561] []
[Tue Jan 25 15:29:05.702785 2022] [wsgi:error] [pid 14312:tid 140387784062720] Exception in thread Thread-6:
[Tue Jan 25 15:29:05.702858 2022] [wsgi:error] [pid 14312:tid 140387784062720] Traceback (most recent call last):
[Tue Jan 25 15:29:05.702886 2022] [wsgi:error] [pid 14312:tid 140387784062720]   File "/usr/lib/python3.8/threading.py", line 932, in _bootstrap_inner
[Tue Jan 25 15:29:05.703354 2022] [wsgi:error] [pid 14312:tid 140387784062720]     self.run()
[Tue Jan 25 15:29:05.703368 2022] [wsgi:error] [pid 14312:tid 140387784062720]   File "/var/www/core/account/threads.py", line 15, in run
[Tue Jan 25 15:29:05.703496 2022] [wsgi:error] [pid 14312:tid 140387784062720]     send_mail(self.subject, self.message, self.email_from, self.email_list)
[Tue Jan 25 15:29:05.703525 2022] [wsgi:error] [pid 14312:tid 140387784062720]   File "/var/www/core/venv/lib/python3.8/site-packages/django/core/mail/__init__.py", line 61, in send_mail
[Tue Jan 25 15:29:05.703666 2022] [wsgi:error] [pid 14312:tid 140387784062720]     return mail.send()
[Tue Jan 25 15:29:05.703678 2022] [wsgi:error] [pid 14312:tid 140387784062720]   File "/var/www/core/venv/lib/python3.8/site-packages/django/core/mail/message.py", line 284, in send
[Tue Jan 25 15:29:05.703942 2022] [wsgi:error] [pid 14312:tid 140387784062720]     return self.get_connection(fail_silently).send_messages([self])
[Tue Jan 25 15:29:05.703970 2022] [wsgi:error] [pid 14312:tid 140387784062720]   File "/var/www/core/venv/lib/python3.8/site-packages/django/core/mail/backends/smtp.py", line 102, in send_messages
[Tue Jan 25 15:29:05.704129 2022] [wsgi:error] [pid 14312:tid 140387784062720]     new_conn_created = self.open()
[Tue Jan 25 15:29:05.704159 2022] [wsgi:error] [pid 14312:tid 140387784062720]   File "/var/www/core/venv/lib/python3.8/site-packages/django/core/mail/backends/smtp.py", line 69, in open
[Tue Jan 25 15:29:05.704309 2022] [wsgi:error] [pid 14312:tid 140387784062720]     self.connection.login(self.username, self.password)
[Tue Jan 25 15:29:05.704324 2022] [wsgi:error] [pid 14312:tid 140387784062720]   File "/usr/lib/python3.8/smtplib.py", line 743, in login
[Tue Jan 25 15:29:05.704636 2022] [wsgi:error] [pid 14312:tid 140387784062720]     raise last_exception
[Tue Jan 25 15:29:05.704648 2022] [wsgi:error] [pid 14312:tid 140387784062720]   File "/usr/lib/python3.8/smtplib.py", line 732, in login
[Tue Jan 25 15:29:05.704823 2022] [wsgi:error] [pid 14312:tid 140387784062720]     (code, resp) = self.auth(
[Tue Jan 25 15:29:05.704831 2022] [wsgi:error] [pid 14312:tid 140387784062720]   File "/usr/lib/python3.8/smtplib.py", line 655, in auth
[Tue Jan 25 15:29:05.705052 2022] [wsgi:error] [pid 14312:tid 140387784062720]     raise SMTPAuthenticationError(code, resp)
[Tue Jan 25 15:29:05.705112 2022] [wsgi:error] [pid 14312:tid 140387784062720] smtplib.SMTPAuthenticationError: (534, b'5.7.14 <https://accounts.google.com/signin/continue?sarp=1&scc=1&plt=AKgnsbt\\n5.7.14 4AHAzUhPZ-l5y0rAkIAz_eC-FuPEkyBTP6YdjM2ngSAfnW6biT8TFHFstaKMhf95u8T6L\\n5.7.14 uoinue7SrO4fgbkfJsn8W8cM_TNf6JxU_SDNApxXFiligVTd0jT2lbR0xsi9IC4K>\\n5.7.14 Please log in via your web browser and then try again.\\n5.7.14  Learn more at\\n5.7.14  https://support.google.com/mail/answer/78754 me4sm123152pjb.26 - gsmtp')
[Tue Jan 25 15:29:21.358095 2022] [wsgi:error] [pid 14312:tid 140388255086336] [remote 103.57.134.45:51631] ['07:20 AM', '07:50 AM', '07:40 AM', '08:20 AM']
[Tue Jan 25 15:29:21.358146 2022] [wsgi:error] [pid 14312:tid 140388255086336] [remote 103.57.134.45:51631] 07:50 AM
[Tue Jan 25 15:29:21.358172 2022] [wsgi:error] [pid 14312:tid 140388255086336] [remote 103.57.134.45:51631] [OrderedDict([('id', 1), ('date', '2022-01-26'), ('time', "['07:20 AM', '07:40 AM', '08:20 AM']")])]
[Tue Jan 25 15:30:28.886153 2022] [wsgi:error] [pid 14312:tid 140388271871744] [remote 103.57.134.45:51909] payment successful
[Tue Jan 25 15:30:30.795586 2022] [wsgi:error] [pid 14312:tid 140388271871744] [remote 103.57.134.45:51909] (534, b'5.7.14 <https://accounts.google.com/signin/continue?sarp=1&scc=1&plt=AKgnsbt\\n5.7.14 8TOGMWnIFJGfPE-maP7MJoip85fKCFWi-LS8TJzQw7kJqL40dWZKnCacDr0vR1X1twz5A\\n5.7.14 3PWQm7qeXN202AyhB8atuJyNT_YXcnlEPDPbSQiEiBFWv_mkz45G6FDlm1LImGKE>\\n5.7.14 Please log in via your web browser and then try again.\\n5.7.14  Learn more at\\n5.7.14  https://support.google.com/mail/answer/78754 m11sm14013882pgb.15 - gsmtp')
[Tue Jan 25 15:30:30.856381 2022] [wsgi:error] [pid 14312:tid 140388271871744] [remote 103.57.134.45:51908] <QuerySet [<Appointment: Chris Hospitals>, <Appointment: f name l name>]>
[Tue Jan 25 15:30:30.857225 2022] [wsgi:error] [pid 14312:tid 140388271871744] [remote 103.57.134.45:51908] <QuerySet [<Appointment: Chris Hospitals>]> is user
[Tue Jan 25 15:30:34.031000 2022] [wsgi:error] [pid 14312:tid 140388271871744] [remote 103.57.134.45:51908] <QuerySet [<Appointment: Chris Hospitals>, <Appointment: f name l name>]>
[Tue Jan 25 15:30:34.031954 2022] [wsgi:error] [pid 14312:tid 140388271871744] [remote 103.57.134.45:51908] <QuerySet [<Appointment: Chris Hospitals>]> is user
[Tue Jan 25 15:31:32.047590 2022] [wsgi:error] [pid 14312:tid 140388255086336] [remote 103.57.134.45:52167] Forbidden: /api/doctors/2/
[Tue Jan 25 15:31:35.028870 2022] [wsgi:error] [pid 14312:tid 140388271871744] [remote 103.57.134.45:52167] Forbidden: /api/hospitals/
[Tue Jan 25 15:31:44.486736 2022] [wsgi:error] [pid 14312:tid 140388271871744] [remote 103.57.134.45:52180] Forbidden: /api/hospitals/
[Tue Jan 25 15:31:45.719415 2022] [wsgi:error] [pid 14312:tid 140388271871744] [remote 103.57.134.45:52221] Forbidden: /api/hospitals/
[Tue Jan 25 15:32:08.540824 2022] [wsgi:error] [pid 14312:tid 140388271871744] [remote 103.57.134.45:52319] j@j.com
[Tue Jan 25 15:32:08.604552 2022] [wsgi:error] [pid 14312:tid 140388271871744] [remote 103.57.134.45:52320] Not Found: /media/hospital/IMG_7693_dPP4Ay8.JPG
[Tue Jan 25 15:32:32.884148 2022] [wsgi:error] [pid 14312:tid 140388297049856] [remote 103.57.134.45:52314] jim1@gmail.com
[Tue Jan 25 15:32:36.835585 2022] [wsgi:error] [pid 14312:tid 140388297049856] [remote 103.57.134.45:52418] jim1@gmail.com
[Tue Jan 25 15:32:36.836601 2022] [wsgi:error] [pid 14312:tid 140388297049856] [remote 103.57.134.45:52418] <QuerySet [<Doctor: jimam tamimi>]> is hospital
[Tue Jan 25 15:32:38.681549 2022] [wsgi:error] [pid 14312:tid 140388297049856] [remote 103.57.134.45:52418] <QuerySet [<Appointment: Chris Hospitals>, <Appointment: f name l name>]>
[Tue Jan 25 15:32:38.684707 2022] [wsgi:error] [pid 14312:tid 140388297049856] [remote 103.57.134.45:52418] <QuerySet [<Appointment: Chris Hospitals>, <Appointment: f name l name>]> is hospital
[Tue Jan 25 15:32:40.159532 2022] [wsgi:error] [pid 14312:tid 140388297049856] [remote 103.57.134.45:52418] jim1@gmail.com
[Tue Jan 25 15:32:40.160975 2022] [wsgi:error] [pid 14312:tid 140388297049856] [remote 103.57.134.45:52418] <QuerySet [<Doctor: jimam tamimi>]> is hospital
[Tue Jan 25 15:32:45.979774 2022] [wsgi:error] [pid 14312:tid 140388255086336] [remote 103.57.134.45:52418] <QuerySet [<Appointment: Chris Hospitals>, <Appointment: f name l name>]>
[Tue Jan 25 15:32:45.981293 2022] [wsgi:error] [pid 14312:tid 140388255086336] [remote 103.57.134.45:52418] <QuerySet [<Appointment: Chris Hospitals>, <Appointment: f name l name>]> is hospital
[Tue Jan 25 15:32:55.090735 2022] [wsgi:error] [pid 14312:tid 140388297049856] [remote 103.57.134.45:52499] <QuerySet [<Appointment: Chris Hospitals>, <Appointment: f name l name>]>
[Tue Jan 25 15:32:55.091898 2022] [wsgi:error] [pid 14312:tid 140388297049856] [remote 103.57.134.45:52499] <QuerySet [<Appointment: Chris Hospitals>, <Appointment: f name l name>]> is hospital
[Tue Jan 25 15:32:55.134137 2022] [wsgi:error] [pid 14312:tid 140388255086336] [remote 103.57.134.45:52499] <QuerySet [<Appointment: Chris Hospitals>, <Appointment: f name l name>]>
[Tue Jan 25 15:32:55.135368 2022] [wsgi:error] [pid 14312:tid 140388255086336] [remote 103.57.134.45:52499] <QuerySet [<Appointment: Chris Hospitals>, <Appointment: f name l name>]> is hospital
[Tue Jan 25 15:32:58.151663 2022] [wsgi:error] [pid 14312:tid 140388297049856] [remote 103.57.134.45:52499] Unauthorized: /api/get_notifications/
[Tue Jan 25 15:33:02.214914 2022] [wsgi:error] [pid 14312:tid 140388255086336] [remote 103.57.134.45:52499] jim1@gmail.com
[Tue Jan 25 15:33:02.245907 2022] [wsgi:error] [pid 14312:tid 140388255086336] [remote 103.57.134.45:52536] <QuerySet [<Appointment: Chris Hospitals>, <Appointment: f name l name>]>
[Tue Jan 25 15:33:02.247034 2022] [wsgi:error] [pid 14312:tid 140388255086336] [remote 103.57.134.45:52536] <QuerySet [<Appointment: Chris Hospitals>, <Appointment: f name l name>]> is hospital
[Tue Jan 25 15:33:05.917821 2022] [wsgi:error] [pid 14312:tid 140388255086336] [remote 103.57.134.45:52536] jim1@gmail.com
[Tue Jan 25 15:33:05.918753 2022] [wsgi:error] [pid 14312:tid 140388255086336] [remote 103.57.134.45:52536] <QuerySet [<Doctor: jimam tamimi>]> is hospital
[Tue Jan 25 15:33:12.381427 2022] [wsgi:error] [pid 14312:tid 140388271871744] [remote 103.57.134.45:52578] Unauthorized: /api/get_notifications/
[Tue Jan 25 15:33:14.241159 2022] [wsgi:error] [pid 14312:tid 140388297049856] [remote 103.57.134.45:52583] Unauthorized: /api/account/is-admin/
[Tue Jan 25 15:33:30.800370 2022] [wsgi:error] [pid 14312:tid 140388255086336] [remote 103.57.134.45:52656] jim1@gmail.com
[Tue Jan 25 15:33:36.463121 2022] [wsgi:error] [pid 14312:tid 140388297049856] [remote 103.57.134.45:52658] <QuerySet [<Appointment: Chris Hospitals>, <Appointment: f name l name>]>
[Tue Jan 25 15:33:36.464541 2022] [wsgi:error] [pid 14312:tid 140388297049856] [remote 103.57.134.45:52658] <QuerySet [<Appointment: Chris Hospitals>, <Appointment: f name l name>]> is hospital
[Tue Jan 25 15:33:40.922838 2022] [wsgi:error] [pid 14312:tid 140388297049856] [remote 103.57.134.45:52658] Unauthorized: /api/get_notifications/
[Tue Jan 25 15:33:53.160090 2022] [wsgi:error] [pid 14312:tid 140388255086336] [remote 103.57.134.45:52683] j@j.com
[Tue Jan 25 15:34:04.423357 2022] [wsgi:error] [pid 14312:tid 140388297049856] [remote 103.57.134.45:52792] jim1@gmail.com
[Tue Jan 25 15:34:04.455385 2022] [wsgi:error] [pid 14312:tid 140388297049856] [remote 103.57.134.45:52792] <QuerySet [<Appointment: Chris Hospitals>, <Appointment: f name l name>]>
[Tue Jan 25 15:34:04.456862 2022] [wsgi:error] [pid 14312:tid 140388297049856] [remote 103.57.134.45:52792] <QuerySet [<Appointment: Chris Hospitals>, <Appointment: f name l name>]> is hospital
[Tue Jan 25 15:34:14.587045 2022] [wsgi:error] [pid 14312:tid 140388297049856] [remote 103.57.134.45:52835] Unauthorized: /api/get_notifications/
[Tue Jan 25 15:34:18.740149 2022] [wsgi:error] [pid 14312:tid 140388271871744] [remote 103.57.134.45:52852] Unauthorized: /api/account/is-admin/
[Tue Jan 25 15:34:23.123961 2022] [wsgi:error] [pid 14312:tid 140388271871744] [remote 103.57.134.45:52852] jim1@gmail.com
[Tue Jan 25 15:34:55.974353 2022] [wsgi:error] [pid 14312:tid 140388255086336] [remote 103.57.134.45:52981] Unauthorized: /api/get_notifications/
[Tue Jan 25 15:39:20.876933 2022] [wsgi:error] [pid 14312:tid 140388255086336] [remote 103.57.134.45:53425] Unauthorized: /api/account/is-admin/
[Tue Jan 25 15:39:43.976474 2022] [wsgi:error] [pid 14312:tid 140388255086336] [remote 103.57.134.45:53428] Unauthorized: /api/account/is-admin/
[Tue Jan 25 15:39:48.839024 2022] [wsgi:error] [pid 14312:tid 140388297049856] [remote 103.57.134.45:53428] Unauthorized: /api/account/is-admin/
[Tue Jan 25 15:39:56.653484 2022] [wsgi:error] [pid 14312:tid 140388297049856] [remote 103.57.134.45:53430] j@j.com
[Tue Jan 25 15:40:02.097862 2022] [wsgi:error] [pid 14312:tid 140388271871744] [remote 103.57.134.45:53432] Not Found: /media/hospital/IMG_7693_dPP4Ay8.JPG
[Tue Jan 25 15:40:12.138782 2022] [wsgi:error] [pid 14312:tid 140388271871744] [remote 103.57.134.45:53435] jim1@gmail.com
[Tue Jan 25 15:40:12.262959 2022] [wsgi:error] [pid 14312:tid 140388271871744] [remote 103.57.134.45:53435] Not Found: /media/hospital/IMG_7693_dPP4Ay8.JPG
[Tue Jan 25 15:40:31.184168 2022] [wsgi:error] [pid 14312:tid 140388271871744] [remote 103.57.134.45:53436] j23@j.com
[Tue Jan 25 15:40:38.784742 2022] [wsgi:error] [pid 14312:tid 140388271871744] [remote 103.57.134.45:53437] admin@admin.com
[Tue Jan 25 15:40:44.115129 2022] [wsgi:error] [pid 14312:tid 140388255086336] [remote 103.57.134.45:53439] admin@admin.com
[Tue Jan 25 15:40:44.115979 2022] [wsgi:error] [pid 14312:tid 140388255086336] [remote 103.57.134.45:53439] <QuerySet []> is hospital
[Tue Jan 25 15:40:48.932767 2022] [wsgi:error] [pid 14312:tid 140388255086336] [remote 103.57.134.45:53440] Unauthorized: /api/get_notifications/
[Tue Jan 25 15:40:54.867302 2022] [wsgi:error] [pid 14312:tid 140388271871744] [remote 103.57.134.45:53441] j@j.com
[Tue Jan 25 15:40:58.471523 2022] [wsgi:error] [pid 14312:tid 140388255086336] [remote 103.57.134.45:53441] Not Found: /media/hospital/IMG_7693_dPP4Ay8.JPG
[Tue Jan 25 15:41:08.892796 2022] [wsgi:error] [pid 14312:tid 140388271871744] [remote 103.57.134.45:53443] hospital@gmail.com
[Tue Jan 25 15:41:08.981976 2022] [wsgi:error] [pid 14312:tid 140388271871744] [remote 103.57.134.45:53443] Not Found: /media/hospital/IMG_7693_dPP4Ay8.JPG
[Tue Jan 25 15:41:15.779503 2022] [wsgi:error] [pid 14312:tid 140388271871744] [remote 103.57.134.45:53444] <QuerySet []>
[Tue Jan 25 15:41:34.364328 2022] [wsgi:error] [pid 14312:tid 140388271871744] [remote 103.57.134.45:53446] <QuerySet [<Staff: priya>]>
